// Jest Snapshot v1, https://goo.gl/fbAQLP

exports[`<OfflineWarning /> renders correctly and match snapshot 1`] = `""`;
